// Jest Snapshot v1, https://goo.gl/fbAQLP

exports[`App should render correctly 1`] = `
<body>
  <div>
    <div
      class="main"
      style="--background-color: black; --foreground-color: white;"
    >
      <div
        id="particles-js"
        style="display: block; z-index: 0;"
      />
      <img />
      <div
        class="center"
      >
        <div
          class="terminal"
        >
          <input
            list="bangs"
            type="text"
            value=""
          />
          <div
            id="bangs"
          />
        </div>
        <div
          class="quote"
          style="display: flex;"
        >
          <div
            class="text-line"
          >
            <span>
              Defensive Programming
            </span>
          </div>
          <div
            class="subtext-line"
          >
            <span>
              Defensive programming is a form of defensive design intended to develop programs that are capable of detecting potential security abnormalities and make predetermined responses. It ensures the continuing function of a piece of software under unforeseen circumstances. Defensive programming practices are often used where high availability, safety, or security is needed.
            </span>
          </div>
        </div>
      </div>
      <div
        class="top-right"
      >
        <button
          class="settings-button show"
          type="button"
        >
          <img
            alt="settings"
            height="20px"
            src="./assets/gear.svg"
            width="20px"
          />
        </button>
      </div>
      <div
        class="settings-mask "
      >
        <div
          class="settings"
        >
          <div
            class="close-button"
          >
            <img
              alt="cross"
              height="20px"
              src="/assets/cross.svg"
              width="20px"
            />
          </div>
          <div
            class="navbar"
          >
            <div
              class="menu active"
            >
              Theme
            </div>
            <div
              class="menu "
            >
              Quote
            </div>
            <div
              class="menu "
            >
              Terminal
            </div>
          </div>
          <div
            class="divider"
          />
          <div
            class="settings-content"
          >
            <div
              class="theme-settings"
            >
              <div
                class="input-group"
              >
                <label>
                  Style
                </label>
                <p>
                  <input
                    type="color"
                    value="black"
                  />
                  <span>
                    Background Color
                  </span>
                </p>
                <p>
                  <input
                    type="color"
                    value="white"
                  />
                  <span>
                    Color
                  </span>
                </p>
              </div>
              <div
                class="input-group"
              >
                <label>
                  Background Image
                </label>
                <input
                  type="file"
                  value=""
                />
              </div>
              <div
                class="input-group"
              >
                <label
                  for="particles-enabled"
                >
                  Particles
                </label>
                <input
                  checked=""
                  id="particles-enabled"
                  type="checkbox"
                />
                <span>
                  Enabled
                </span>
              </div>
            </div>
          </div>
        </div>
      </div>
    </div>
  </div>
</body>
`;
